MPLINK 5.09, LINKER
Linker Map File - Created Sat Nov 06 16:28:50 2021

                                 Section Info
                  Section       Type    Address   Location Size(Bytes)
                ---------  ---------  ---------  ---------  ---------
                 RES_VECT       code   0x000000    program   0x000002
                   .cinit    romdata   0x000001    program   0x000004
                MAIN_PROG       code   0x000003    program   0x0005d0
.config_2007_BUILD/DEFAULT/PRODUCTION/CLAVE-V       code   0x002007    program   0x000002
.config_2008_BUILD/DEFAULT/PRODUCTION/CLAVE-V       code   0x002008    program   0x000002



                              Program Memory Usage 
                               Start         End      
                           ---------   ---------      
                            0x000000    0x0002ea      
                            0x002007    0x002008      
            749 out of 8455 program addresses used, program memory utilization is 8%



                              Symbols - Sorted by Name
                     Name    Address   Location    Storage File                     
                ---------  ---------  ---------  --------- ---------                
                ASTERISCO   0x0001dd    program     static D:\MPLAB\Clave-Validacion.X\Clave-Validacion_newpic_8b_simple.asm
                     CERO   0x0001c2    program     static D:\MPLAB\Clave-Validacion.X\Clave-Validacion_newpic_8b_simple.asm
                    CINCO   0x00013b    program     static D:\MPLAB\Clave-Validacion.X\Clave-Validacion_newpic_8b_simple.asm
                    CLAVE   0x00021a    program     static D:\MPLAB\Clave-Validacion.X\Clave-Validacion_newpic_8b_simple.asm
                    CLEAR   0x0002d4    program     static D:\MPLAB\Clave-Validacion.X\Clave-Validacion_newpic_8b_simple.asm
              COMPARACION   0x0001df    program     static D:\MPLAB\Clave-Validacion.X\Clave-Validacion_newpic_8b_simple.asm
                   CUATRO   0x000120    program     static D:\MPLAB\Clave-Validacion.X\Clave-Validacion_newpic_8b_simple.asm
                    DELAY   0x0002c3    program     static D:\MPLAB\Clave-Validacion.X\Clave-Validacion_newpic_8b_simple.asm
                      DOS   0x0000d6    program     static D:\MPLAB\Clave-Validacion.X\Clave-Validacion_newpic_8b_simple.asm
                    EXITO   0x000290    program     static D:\MPLAB\Clave-Validacion.X\Clave-Validacion_newpic_8b_simple.asm
                    FALLA   0x000269    program     static D:\MPLAB\Clave-Validacion.X\Clave-Validacion_newpic_8b_simple.asm
                     GATO   0x0001de    program     static D:\MPLAB\Clave-Validacion.X\Clave-Validacion_newpic_8b_simple.asm
                   INICIO   0x000034    program     static D:\MPLAB\Clave-Validacion.X\Clave-Validacion_newpic_8b_simple.asm
                  INITLCD   0x000020    program     static D:\MPLAB\Clave-Validacion.X\Clave-Validacion_newpic_8b_simple.asm
                   LCDPOS   0x0002b1    program     static D:\MPLAB\Clave-Validacion.X\Clave-Validacion_newpic_8b_simple.asm
                LCDPOSVAL   0x0002bb    program     static D:\MPLAB\Clave-Validacion.X\Clave-Validacion_newpic_8b_simple.asm
                    NUEVE   0x0001a7    program     static D:\MPLAB\Clave-Validacion.X\Clave-Validacion_newpic_8b_simple.asm
                     OCHO   0x00018c    program     static D:\MPLAB\Clave-Validacion.X\Clave-Validacion_newpic_8b_simple.asm
            REGISTROCLAVE   0x00003f    program     static D:\MPLAB\Clave-Validacion.X\Clave-Validacion_newpic_8b_simple.asm
       REGISTROVALIDACION   0x000068    program     static D:\MPLAB\Clave-Validacion.X\Clave-Validacion_newpic_8b_simple.asm
                     SCAN   0x000091    program     static D:\MPLAB\Clave-Validacion.X\Clave-Validacion_newpic_8b_simple.asm
                     SEIS   0x000156    program     static D:\MPLAB\Clave-Validacion.X\Clave-Validacion_newpic_8b_simple.asm
                    SIETE   0x000171    program     static D:\MPLAB\Clave-Validacion.X\Clave-Validacion_newpic_8b_simple.asm
                    START   0x000003    program     static D:\MPLAB\Clave-Validacion.X\Clave-Validacion_newpic_8b_simple.asm
                     TRES   0x0000fb    program     static D:\MPLAB\Clave-Validacion.X\Clave-Validacion_newpic_8b_simple.asm
                      UNO   0x0000b1    program     static D:\MPLAB\Clave-Validacion.X\Clave-Validacion_newpic_8b_simple.asm
               VALIDACION   0x00023d    program     static D:\MPLAB\Clave-Validacion.X\Clave-Validacion_newpic_8b_simple.asm
          _MAIN_PROG_003E   0x000041    program     static D:\MPLAB\Clave-Validacion.X\Clave-Validacion_newpic_8b_simple.asm
          _MAIN_PROG_0043   0x000046    program     static D:\MPLAB\Clave-Validacion.X\Clave-Validacion_newpic_8b_simple.asm
          _MAIN_PROG_0048   0x00004b    program     static D:\MPLAB\Clave-Validacion.X\Clave-Validacion_newpic_8b_simple.asm
          _MAIN_PROG_004D   0x000050    program     static D:\MPLAB\Clave-Validacion.X\Clave-Validacion_newpic_8b_simple.asm
          _MAIN_PROG_0052   0x000055    program     static D:\MPLAB\Clave-Validacion.X\Clave-Validacion_newpic_8b_simple.asm
          _MAIN_PROG_0057   0x00005a    program     static D:\MPLAB\Clave-Validacion.X\Clave-Validacion_newpic_8b_simple.asm
          _MAIN_PROG_005C   0x00005f    program     static D:\MPLAB\Clave-Validacion.X\Clave-Validacion_newpic_8b_simple.asm
          _MAIN_PROG_0061   0x000064    program     static D:\MPLAB\Clave-Validacion.X\Clave-Validacion_newpic_8b_simple.asm
          _MAIN_PROG_0067   0x00006a    program     static D:\MPLAB\Clave-Validacion.X\Clave-Validacion_newpic_8b_simple.asm
          _MAIN_PROG_006C   0x00006f    program     static D:\MPLAB\Clave-Validacion.X\Clave-Validacion_newpic_8b_simple.asm
          _MAIN_PROG_0071   0x000074    program     static D:\MPLAB\Clave-Validacion.X\Clave-Validacion_newpic_8b_simple.asm
          _MAIN_PROG_0076   0x000079    program     static D:\MPLAB\Clave-Validacion.X\Clave-Validacion_newpic_8b_simple.asm
          _MAIN_PROG_007B   0x00007e    program     static D:\MPLAB\Clave-Validacion.X\Clave-Validacion_newpic_8b_simple.asm
          _MAIN_PROG_0080   0x000083    program     static D:\MPLAB\Clave-Validacion.X\Clave-Validacion_newpic_8b_simple.asm
          _MAIN_PROG_0085   0x000088    program     static D:\MPLAB\Clave-Validacion.X\Clave-Validacion_newpic_8b_simple.asm
          _MAIN_PROG_008A   0x00008d    program     static D:\MPLAB\Clave-Validacion.X\Clave-Validacion_newpic_8b_simple.asm
          _MAIN_PROG_00B6   0x0000b9    program     static D:\MPLAB\Clave-Validacion.X\Clave-Validacion_newpic_8b_simple.asm
          _MAIN_PROG_00D1   0x0000d4    program     static D:\MPLAB\Clave-Validacion.X\Clave-Validacion_newpic_8b_simple.asm
          _MAIN_PROG_00DB   0x0000de    program     static D:\MPLAB\Clave-Validacion.X\Clave-Validacion_newpic_8b_simple.asm
          _MAIN_PROG_00F6   0x0000f9    program     static D:\MPLAB\Clave-Validacion.X\Clave-Validacion_newpic_8b_simple.asm
          _MAIN_PROG_0100   0x000103    program     static D:\MPLAB\Clave-Validacion.X\Clave-Validacion_newpic_8b_simple.asm
          _MAIN_PROG_011B   0x00011e    program     static D:\MPLAB\Clave-Validacion.X\Clave-Validacion_newpic_8b_simple.asm
          _MAIN_PROG_0123   0x000126    program     static D:\MPLAB\Clave-Validacion.X\Clave-Validacion_newpic_8b_simple.asm
          _MAIN_PROG_0136   0x000139    program     static D:\MPLAB\Clave-Validacion.X\Clave-Validacion_newpic_8b_simple.asm
          _MAIN_PROG_013E   0x000141    program     static D:\MPLAB\Clave-Validacion.X\Clave-Validacion_newpic_8b_simple.asm
          _MAIN_PROG_0151   0x000154    program     static D:\MPLAB\Clave-Validacion.X\Clave-Validacion_newpic_8b_simple.asm
          _MAIN_PROG_0159   0x00015c    program     static D:\MPLAB\Clave-Validacion.X\Clave-Validacion_newpic_8b_simple.asm
          _MAIN_PROG_016C   0x00016f    program     static D:\MPLAB\Clave-Validacion.X\Clave-Validacion_newpic_8b_simple.asm
          _MAIN_PROG_0174   0x000177    program     static D:\MPLAB\Clave-Validacion.X\Clave-Validacion_newpic_8b_simple.asm
          _MAIN_PROG_0187   0x00018a    program     static D:\MPLAB\Clave-Validacion.X\Clave-Validacion_newpic_8b_simple.asm
          _MAIN_PROG_018F   0x000192    program     static D:\MPLAB\Clave-Validacion.X\Clave-Validacion_newpic_8b_simple.asm
          _MAIN_PROG_01A2   0x0001a5    program     static D:\MPLAB\Clave-Validacion.X\Clave-Validacion_newpic_8b_simple.asm
          _MAIN_PROG_01AA   0x0001ad    program     static D:\MPLAB\Clave-Validacion.X\Clave-Validacion_newpic_8b_simple.asm
          _MAIN_PROG_01BD   0x0001c0    program     static D:\MPLAB\Clave-Validacion.X\Clave-Validacion_newpic_8b_simple.asm
          _MAIN_PROG_01C5   0x0001c8    program     static D:\MPLAB\Clave-Validacion.X\Clave-Validacion_newpic_8b_simple.asm
          _MAIN_PROG_01D8   0x0001db    program     static D:\MPLAB\Clave-Validacion.X\Clave-Validacion_newpic_8b_simple.asm
          _MAIN_PROG_02C7   0x0002ca    program     static D:\MPLAB\Clave-Validacion.X\Clave-Validacion_newpic_8b_simple.asm
          _MAIN_PROG_02E4   0x0002e7    program     static D:\MPLAB\Clave-Validacion.X\Clave-Validacion_newpic_8b_simple.asm
                    ciclo   0x0002e4    program     static D:\MPLAB\Clave-Validacion.X\Clave-Validacion_newpic_8b_simple.asm
                     exec   0x0002dc    program     static D:\MPLAB\Clave-Validacion.X\Clave-Validacion_newpic_8b_simple.asm
                    loopy   0x0002c5    program     static D:\MPLAB\Clave-Validacion.X\Clave-Validacion_newpic_8b_simple.asm
                    loopz   0x0002c7    program     static D:\MPLAB\Clave-Validacion.X\Clave-Validacion_newpic_8b_simple.asm
                     time   0x0002e1    program     static D:\MPLAB\Clave-Validacion.X\Clave-Validacion_newpic_8b_simple.asm
                    time2   0x0002d0    program     static D:\MPLAB\Clave-Validacion.X\Clave-Validacion_newpic_8b_simple.asm



                              Symbols - Sorted by Address
                     Name    Address   Location    Storage File                     
                ---------  ---------  ---------  --------- ---------                
                    START   0x000003    program     static D:\MPLAB\Clave-Validacion.X\Clave-Validacion_newpic_8b_simple.asm
                  INITLCD   0x000020    program     static D:\MPLAB\Clave-Validacion.X\Clave-Validacion_newpic_8b_simple.asm
                   INICIO   0x000034    program     static D:\MPLAB\Clave-Validacion.X\Clave-Validacion_newpic_8b_simple.asm
            REGISTROCLAVE   0x00003f    program     static D:\MPLAB\Clave-Validacion.X\Clave-Validacion_newpic_8b_simple.asm
          _MAIN_PROG_003E   0x000041    program     static D:\MPLAB\Clave-Validacion.X\Clave-Validacion_newpic_8b_simple.asm
          _MAIN_PROG_0043   0x000046    program     static D:\MPLAB\Clave-Validacion.X\Clave-Validacion_newpic_8b_simple.asm
          _MAIN_PROG_0048   0x00004b    program     static D:\MPLAB\Clave-Validacion.X\Clave-Validacion_newpic_8b_simple.asm
          _MAIN_PROG_004D   0x000050    program     static D:\MPLAB\Clave-Validacion.X\Clave-Validacion_newpic_8b_simple.asm
          _MAIN_PROG_0052   0x000055    program     static D:\MPLAB\Clave-Validacion.X\Clave-Validacion_newpic_8b_simple.asm
          _MAIN_PROG_0057   0x00005a    program     static D:\MPLAB\Clave-Validacion.X\Clave-Validacion_newpic_8b_simple.asm
          _MAIN_PROG_005C   0x00005f    program     static D:\MPLAB\Clave-Validacion.X\Clave-Validacion_newpic_8b_simple.asm
          _MAIN_PROG_0061   0x000064    program     static D:\MPLAB\Clave-Validacion.X\Clave-Validacion_newpic_8b_simple.asm
       REGISTROVALIDACION   0x000068    program     static D:\MPLAB\Clave-Validacion.X\Clave-Validacion_newpic_8b_simple.asm
          _MAIN_PROG_0067   0x00006a    program     static D:\MPLAB\Clave-Validacion.X\Clave-Validacion_newpic_8b_simple.asm
          _MAIN_PROG_006C   0x00006f    program     static D:\MPLAB\Clave-Validacion.X\Clave-Validacion_newpic_8b_simple.asm
          _MAIN_PROG_0071   0x000074    program     static D:\MPLAB\Clave-Validacion.X\Clave-Validacion_newpic_8b_simple.asm
          _MAIN_PROG_0076   0x000079    program     static D:\MPLAB\Clave-Validacion.X\Clave-Validacion_newpic_8b_simple.asm
          _MAIN_PROG_007B   0x00007e    program     static D:\MPLAB\Clave-Validacion.X\Clave-Validacion_newpic_8b_simple.asm
          _MAIN_PROG_0080   0x000083    program     static D:\MPLAB\Clave-Validacion.X\Clave-Validacion_newpic_8b_simple.asm
          _MAIN_PROG_0085   0x000088    program     static D:\MPLAB\Clave-Validacion.X\Clave-Validacion_newpic_8b_simple.asm
          _MAIN_PROG_008A   0x00008d    program     static D:\MPLAB\Clave-Validacion.X\Clave-Validacion_newpic_8b_simple.asm
                     SCAN   0x000091    program     static D:\MPLAB\Clave-Validacion.X\Clave-Validacion_newpic_8b_simple.asm
                      UNO   0x0000b1    program     static D:\MPLAB\Clave-Validacion.X\Clave-Validacion_newpic_8b_simple.asm
          _MAIN_PROG_00B6   0x0000b9    program     static D:\MPLAB\Clave-Validacion.X\Clave-Validacion_newpic_8b_simple.asm
          _MAIN_PROG_00D1   0x0000d4    program     static D:\MPLAB\Clave-Validacion.X\Clave-Validacion_newpic_8b_simple.asm
                      DOS   0x0000d6    program     static D:\MPLAB\Clave-Validacion.X\Clave-Validacion_newpic_8b_simple.asm
          _MAIN_PROG_00DB   0x0000de    program     static D:\MPLAB\Clave-Validacion.X\Clave-Validacion_newpic_8b_simple.asm
          _MAIN_PROG_00F6   0x0000f9    program     static D:\MPLAB\Clave-Validacion.X\Clave-Validacion_newpic_8b_simple.asm
                     TRES   0x0000fb    program     static D:\MPLAB\Clave-Validacion.X\Clave-Validacion_newpic_8b_simple.asm
          _MAIN_PROG_0100   0x000103    program     static D:\MPLAB\Clave-Validacion.X\Clave-Validacion_newpic_8b_simple.asm
          _MAIN_PROG_011B   0x00011e    program     static D:\MPLAB\Clave-Validacion.X\Clave-Validacion_newpic_8b_simple.asm
                   CUATRO   0x000120    program     static D:\MPLAB\Clave-Validacion.X\Clave-Validacion_newpic_8b_simple.asm
          _MAIN_PROG_0123   0x000126    program     static D:\MPLAB\Clave-Validacion.X\Clave-Validacion_newpic_8b_simple.asm
          _MAIN_PROG_0136   0x000139    program     static D:\MPLAB\Clave-Validacion.X\Clave-Validacion_newpic_8b_simple.asm
                    CINCO   0x00013b    program     static D:\MPLAB\Clave-Validacion.X\Clave-Validacion_newpic_8b_simple.asm
          _MAIN_PROG_013E   0x000141    program     static D:\MPLAB\Clave-Validacion.X\Clave-Validacion_newpic_8b_simple.asm
          _MAIN_PROG_0151   0x000154    program     static D:\MPLAB\Clave-Validacion.X\Clave-Validacion_newpic_8b_simple.asm
                     SEIS   0x000156    program     static D:\MPLAB\Clave-Validacion.X\Clave-Validacion_newpic_8b_simple.asm
          _MAIN_PROG_0159   0x00015c    program     static D:\MPLAB\Clave-Validacion.X\Clave-Validacion_newpic_8b_simple.asm
          _MAIN_PROG_016C   0x00016f    program     static D:\MPLAB\Clave-Validacion.X\Clave-Validacion_newpic_8b_simple.asm
                    SIETE   0x000171    program     static D:\MPLAB\Clave-Validacion.X\Clave-Validacion_newpic_8b_simple.asm
          _MAIN_PROG_0174   0x000177    program     static D:\MPLAB\Clave-Validacion.X\Clave-Validacion_newpic_8b_simple.asm
          _MAIN_PROG_0187   0x00018a    program     static D:\MPLAB\Clave-Validacion.X\Clave-Validacion_newpic_8b_simple.asm
                     OCHO   0x00018c    program     static D:\MPLAB\Clave-Validacion.X\Clave-Validacion_newpic_8b_simple.asm
          _MAIN_PROG_018F   0x000192    program     static D:\MPLAB\Clave-Validacion.X\Clave-Validacion_newpic_8b_simple.asm
          _MAIN_PROG_01A2   0x0001a5    program     static D:\MPLAB\Clave-Validacion.X\Clave-Validacion_newpic_8b_simple.asm
                    NUEVE   0x0001a7    program     static D:\MPLAB\Clave-Validacion.X\Clave-Validacion_newpic_8b_simple.asm
          _MAIN_PROG_01AA   0x0001ad    program     static D:\MPLAB\Clave-Validacion.X\Clave-Validacion_newpic_8b_simple.asm
          _MAIN_PROG_01BD   0x0001c0    program     static D:\MPLAB\Clave-Validacion.X\Clave-Validacion_newpic_8b_simple.asm
                     CERO   0x0001c2    program     static D:\MPLAB\Clave-Validacion.X\Clave-Validacion_newpic_8b_simple.asm
          _MAIN_PROG_01C5   0x0001c8    program     static D:\MPLAB\Clave-Validacion.X\Clave-Validacion_newpic_8b_simple.asm
          _MAIN_PROG_01D8   0x0001db    program     static D:\MPLAB\Clave-Validacion.X\Clave-Validacion_newpic_8b_simple.asm
                ASTERISCO   0x0001dd    program     static D:\MPLAB\Clave-Validacion.X\Clave-Validacion_newpic_8b_simple.asm
                     GATO   0x0001de    program     static D:\MPLAB\Clave-Validacion.X\Clave-Validacion_newpic_8b_simple.asm
              COMPARACION   0x0001df    program     static D:\MPLAB\Clave-Validacion.X\Clave-Validacion_newpic_8b_simple.asm
                    CLAVE   0x00021a    program     static D:\MPLAB\Clave-Validacion.X\Clave-Validacion_newpic_8b_simple.asm
               VALIDACION   0x00023d    program     static D:\MPLAB\Clave-Validacion.X\Clave-Validacion_newpic_8b_simple.asm
                    FALLA   0x000269    program     static D:\MPLAB\Clave-Validacion.X\Clave-Validacion_newpic_8b_simple.asm
                    EXITO   0x000290    program     static D:\MPLAB\Clave-Validacion.X\Clave-Validacion_newpic_8b_simple.asm
                   LCDPOS   0x0002b1    program     static D:\MPLAB\Clave-Validacion.X\Clave-Validacion_newpic_8b_simple.asm
                LCDPOSVAL   0x0002bb    program     static D:\MPLAB\Clave-Validacion.X\Clave-Validacion_newpic_8b_simple.asm
                    DELAY   0x0002c3    program     static D:\MPLAB\Clave-Validacion.X\Clave-Validacion_newpic_8b_simple.asm
                    loopy   0x0002c5    program     static D:\MPLAB\Clave-Validacion.X\Clave-Validacion_newpic_8b_simple.asm
                    loopz   0x0002c7    program     static D:\MPLAB\Clave-Validacion.X\Clave-Validacion_newpic_8b_simple.asm
          _MAIN_PROG_02C7   0x0002ca    program     static D:\MPLAB\Clave-Validacion.X\Clave-Validacion_newpic_8b_simple.asm
                    time2   0x0002d0    program     static D:\MPLAB\Clave-Validacion.X\Clave-Validacion_newpic_8b_simple.asm
                    CLEAR   0x0002d4    program     static D:\MPLAB\Clave-Validacion.X\Clave-Validacion_newpic_8b_simple.asm
                     exec   0x0002dc    program     static D:\MPLAB\Clave-Validacion.X\Clave-Validacion_newpic_8b_simple.asm
                     time   0x0002e1    program     static D:\MPLAB\Clave-Validacion.X\Clave-Validacion_newpic_8b_simple.asm
                    ciclo   0x0002e4    program     static D:\MPLAB\Clave-Validacion.X\Clave-Validacion_newpic_8b_simple.asm
          _MAIN_PROG_02E4   0x0002e7    program     static D:\MPLAB\Clave-Validacion.X\Clave-Validacion_newpic_8b_simple.asm


